// Jest Snapshot v1, https://goo.gl/fbAQLP

exports[`Request should render with loaded props 1`] = `
<SceneWrapper
  hasTabs={false}
>
  <View
    style={
      Object {
        "alignItems": "center",
        "marginBottom": 14.045774647887324,
      }
    }
  >
    <ExchangeRate
      primaryInfo={Object {}}
      secondaryDisplayAmount={Object {}}
      secondaryInfo={Object {}}
    />
  </View>
  <View
    style={
      Object {
        "alignItems": "center",
        "flex": 1,
        "justifyContent": "flex-start",
      }
    }
  >
    <ExchangedFlipInput
      color="#FFFFFF"
      exchangeSecondaryToPrimaryRatio={Object {}}
      forceUpdateGuiCounter={0}
      headerText="Receive to undefined"
      isEditable={true}
      isFiatOnTop={true}
      isFocus={false}
      keyboardVisible={false}
      onExchangeAmountChanged={[Function]}
      overridePrimaryExchangeAmount=""
      primaryCurrencyInfo={Object {}}
      secondaryCurrencyInfo={Object {}}
    />
    <View
      style={
        Object {
          "backgroundColor": "white",
          "borderRadius": 5.618309859154929,
          "marginTop": 21.068661971830984,
          "padding": 5.618309859154929,
        }
      }
    >
      <QrCode
        data=""
        size={333.5}
      />
    </View>
    <RequestStatus
      addressExplorer={null}
      amountReceivedInCrypto={0}
      amountRequestedInCrypto={0}
    />
  </View>
  <View
    style={
      Object {
        "alignItems": "stretch",
        "justifyContent": "center",
      }
    }
  >
    <ShareButtons
      copyToClipboard={[Function]}
      shareViaEmail={[Function]}
      shareViaSMS={[Function]}
      shareViaShare={[Function]}
    />
  </View>
</SceneWrapper>
`;

exports[`Request should render with loading props 1`] = `
<ActivityIndicator
  animating={true}
  color="#FFFFFF"
  hidesWhenStopped={true}
  size="large"
  style={
    Object {
      "alignSelf": "center",
      "flex": 1,
    }
  }
/>
`;
