// Jest Snapshot v1, https://goo.gl/fbAQLP

exports[`Scan component should render with AUTHORIZED props 1`] = `
<React.Fragment>
  <SceneWrapper
    background="header"
    hasTabs={false}
  >
    <View
      style={
        Object {
          "alignItems": "center",
          "flex": 1,
          "justifyContent": "center",
        }
      }
    />
    <View
      style={
        Object {
          "flexDirection": "row",
          "paddingBottom": 15.450352112676057,
          "paddingLeft": 11.236619718309859,
          "paddingRight": 11.236619718309859,
          "paddingTop": 15.450352112676057,
        }
      }
    >
      <TouchableHighlight
        activeOpacity={0.85}
        delayPressOut={100}
        onPress={[Function]}
        style={
          Object {
            "alignItems": "center",
            "backgroundColor": "#FFFFFF10",
            "borderRadius": 4.213732394366197,
            "flex": 1,
            "height": 70.22887323943662,
            "justifyContent": "center",
            "marginLeft": 1.4045774647887324,
            "marginRight": 1.4045774647887324,
          }
        }
        underlayColor="#0E4B75"
      >
        <View
          style={
            Object {
              "alignItems": "center",
              "flexDirection": "column",
              "justifyContent": "center",
            }
          }
        >
          <Icon
            allowFontScaling={false}
            name="address-book-o"
            size={25.28239436619718}
            style={
              Object {
                "color": "#FFFFFF",
                "fontSize": 22.473239436619718,
                "height": 22.473239436619718,
                "transform": Array [
                  Object {
                    "scaleX": -1,
                  },
                ],
              }
            }
          />
          <FormattedText
            style={
              Object {
                "backgroundColor": "transparent",
                "color": "#FFFFFF",
                "fontSize": 19.664084507042254,
                "opacity": 1,
              }
            }
          >
            Address
          </FormattedText>
        </View>
      </TouchableHighlight>
      <TouchableHighlight
        activeOpacity={0.85}
        delayPressOut={100}
        onPress={[Function]}
        style={
          Object {
            "alignItems": "center",
            "backgroundColor": "#FFFFFF10",
            "borderRadius": 4.213732394366197,
            "flex": 1,
            "height": 70.22887323943662,
            "justifyContent": "center",
            "marginLeft": 1.4045774647887324,
            "marginRight": 1.4045774647887324,
          }
        }
        underlayColor="#0E4B75"
      >
        <View
          style={
            Object {
              "alignItems": "center",
              "flexDirection": "column",
              "justifyContent": "center",
            }
          }
        >
          <Icon
            allowFontScaling={false}
            name="ios-flash"
            size={33.709859154929575}
            style={
              Object {
                "color": "#FFFFFF",
                "fontSize": 30.900704225352115,
                "height": 25.28239436619718,
              }
            }
          />
          <FormattedText
            style={
              Object {
                "backgroundColor": "transparent",
                "color": "#FFFFFF",
                "fontSize": 19.664084507042254,
                "opacity": 1,
              }
            }
          >
            Flash
          </FormattedText>
        </View>
      </TouchableHighlight>
    </View>
  </SceneWrapper>
  <Connect(SecondaryModal) />
</React.Fragment>
`;

exports[`Scan component should render with DENIED props 1`] = `
<React.Fragment>
  <SceneWrapper
    background="header"
    hasTabs={false}
  >
    <View
      style={
        Object {
          "alignItems": "center",
          "flex": 1,
          "justifyContent": "center",
        }
      }
    />
    <View
      style={
        Object {
          "flexDirection": "row",
          "paddingBottom": 15.450352112676057,
          "paddingLeft": 11.236619718309859,
          "paddingRight": 11.236619718309859,
          "paddingTop": 15.450352112676057,
        }
      }
    >
      <TouchableHighlight
        activeOpacity={0.85}
        delayPressOut={100}
        onPress={[Function]}
        style={
          Object {
            "alignItems": "center",
            "backgroundColor": "#FFFFFF10",
            "borderRadius": 4.213732394366197,
            "flex": 1,
            "height": 70.22887323943662,
            "justifyContent": "center",
            "marginLeft": 1.4045774647887324,
            "marginRight": 1.4045774647887324,
          }
        }
        underlayColor="#0E4B75"
      >
        <View
          style={
            Object {
              "alignItems": "center",
              "flexDirection": "column",
              "justifyContent": "center",
            }
          }
        >
          <Icon
            allowFontScaling={false}
            name="address-book-o"
            size={25.28239436619718}
            style={
              Object {
                "color": "#FFFFFF",
                "fontSize": 22.473239436619718,
                "height": 22.473239436619718,
                "transform": Array [
                  Object {
                    "scaleX": -1,
                  },
                ],
              }
            }
          />
          <FormattedText
            style={
              Object {
                "backgroundColor": "transparent",
                "color": "#FFFFFF",
                "fontSize": 19.664084507042254,
                "opacity": 1,
              }
            }
          >
            Address
          </FormattedText>
        </View>
      </TouchableHighlight>
      <TouchableHighlight
        activeOpacity={0.85}
        delayPressOut={100}
        onPress={[Function]}
        style={
          Object {
            "alignItems": "center",
            "backgroundColor": "#FFFFFF10",
            "borderRadius": 4.213732394366197,
            "flex": 1,
            "height": 70.22887323943662,
            "justifyContent": "center",
            "marginLeft": 1.4045774647887324,
            "marginRight": 1.4045774647887324,
          }
        }
        underlayColor="#0E4B75"
      >
        <View
          style={
            Object {
              "alignItems": "center",
              "flexDirection": "column",
              "justifyContent": "center",
            }
          }
        >
          <Icon
            allowFontScaling={false}
            name="ios-flash"
            size={33.709859154929575}
            style={
              Object {
                "color": "#FFFFFF",
                "fontSize": 30.900704225352115,
                "height": 25.28239436619718,
              }
            }
          />
          <FormattedText
            style={
              Object {
                "backgroundColor": "transparent",
                "color": "#FFFFFF",
                "fontSize": 19.664084507042254,
                "opacity": 1,
              }
            }
          >
            Flash
          </FormattedText>
        </View>
      </TouchableHighlight>
    </View>
  </SceneWrapper>
  <Connect(SecondaryModal) />
</React.Fragment>
`;
