// Jest Snapshot v1, https://goo.gl/fbAQLP

exports[`MenuDropDown component should render without props 1`] = `
<View
  style={
    Array [
      Object {
        "backgroundColor": "#FFFFFF",
        "flex": 1,
        "flexDirection": "column",
      },
    ]
  }
>
  <View
    style={
      Object {
        "backgroundColor": "#F4F5F6",
        "flex": 3,
        "flexDirection": "row",
        "padding": 4.213732394366197,
        "paddingLeft": 21.068661971830984,
        "paddingRight": 33.709859154929575,
      }
    }
  >
    <View
      style={
        Object {
          "flex": 1,
        }
      }
    >
      <FormattedText
        style={
          Object {
            "color": "#87939E",
            "fontSize": 19.664084507042254,
          }
        }
      >
        Oct 14, 2018
      </FormattedText>
    </View>
  </View>
  <TouchableHighlight
    activeOpacity={0.85}
    delayPressOut={100}
    onPress={[Function]}
    style={
      Array [
        Object {
          "borderBottomColor": "#D9E3ED",
          "borderBottomWidth": 1,
          "height": 112.36619718309859,
          "padding": 21.068661971830984,
          "paddingLeft": 21.068661971830984,
          "paddingRight": 21.068661971830984,
        },
        Object {
          "borderBottomWidth": 1,
        },
      ]
    }
    underlayColor="#D9E3ED"
  >
    <View
      style={
        Array [
          Object {
            "flex": 1,
            "flexDirection": "row",
            "height": 56.183098591549296,
          },
        ]
      }
    >
      <View
        style={
          Object {
            "flexDirection": "row",
          }
        }
      >
        <View
          style={
            Array [
              Object {
                "justifyContent": "center",
              },
            ]
          }
        >
          <Image
            source={
              Object {
                "testUri": "../../../src/assets/images/transactions/transaction-type-sent.png",
              }
            }
            style={
              Object {
                "borderRadius": 28.091549295774648,
                "height": 56.183098591549296,
                "marginRight": 14.045774647887324,
                "width": 56.183098591549296,
              }
            }
          />
        </View>
      </View>
      <View
        style={
          Array [
            Object {
              "flex": 1,
              "flexDirection": "column",
              "height": "100%",
              "justifyContent": "center",
              "width": "100%",
            },
          ]
        }
      >
        <View
          style={
            Array [
              Object {
                "flexDirection": "row",
                "width": "100%",
              },
              null,
            ]
          }
        >
          <FormattedText
            adjustsFontSizeToFit={true}
            minimumFontScale={0.6}
            style={
              Array [
                Object {
                  "flex": 1,
                },
              ]
            }
          >
            Sent Monero
          </FormattedText>
          <FormattedText
            style={
              Object {
                "color": "#E85466",
              }
            }
          >
            - 
            ‎ɱ
             
            32.295514
          </FormattedText>
        </View>
        <View
          style={
            Array [
              Object {
                "flexDirection": "row",
                "width": "100%",
              },
            ]
          }
        >
          <FormattedText
            style={
              Array [
                Object {
                  "flex": 1,
                  "fontSize": 12,
                },
                Object {
                  "color": "#F1AA19",
                },
              ]
            }
          >
            Synchronizing
          </FormattedText>
          <FormattedText
            style={
              Array [
                Object {
                  "color": "#0E4B75",
                  "fontSize": 12,
                },
              ]
            }
          >
            $ 0.00
          </FormattedText>
        </View>
      </View>
    </View>
  </TouchableHighlight>
</View>
`;
